// Vitest Snapshot v1, https://vitest.dev/guide/snapshot.html

exports[`authored chart > preserves the original Dummy score exactly 1`] = `
[
  {
    "beat": 4,
    "hit": 1.5,
    "id": 0,
    "kind": "resonant",
    "lane": 2,
    "travel": 0.9375,
    "width": 1,
  },
  {
    "beat": 4,
    "hit": 1.5,
    "id": 1,
    "kind": "barrier",
    "lane": 0,
    "travel": 0.9375,
    "width": 1,
  },
  {
    "beat": 5,
    "hit": 1.875,
    "id": 2,
    "kind": "resonant",
    "lane": 2,
    "travel": 0.9375,
    "width": 1,
  },
  {
    "beat": 5,
    "hit": 1.875,
    "id": 3,
    "kind": "barrier",
    "lane": 4,
    "travel": 0.9375,
    "width": 1,
  },
  {
    "beat": 7.5,
    "hit": 2.8125,
    "id": 4,
    "kind": "dark",
    "lane": 0,
    "travel": 0.9375,
    "width": 1,
  },
  {
    "beat": 8,
    "hit": 3,
    "id": 5,
    "kind": "dark",
    "lane": 1,
    "travel": 0.9375,
    "width": 1,
  },
  {
    "beat": 8.5,
    "hit": 3.1875,
    "id": 6,
    "kind": "dark",
    "lane": 1,
    "travel": 0.9375,
    "width": 1,
  },
  {
    "beat": 9,
    "hit": 3.375,
    "id": 7,
    "kind": "dark",
    "lane": 2,
    "travel": 0.9375,
    "width": 1,
  },
  {
    "beat": 9.5,
    "hit": 3.5625,
    "id": 8,
    "kind": "dark",
    "lane": 2,
    "travel": 0.9375,
    "width": 1,
  },
  {
    "beat": 10,
    "hit": 3.75,
    "id": 9,
    "kind": "dark",
    "lane": 2,
    "travel": 0.9375,
    "width": 1,
  },
  {
    "beat": 11.5,
    "hit": 4.3125,
    "id": 10,
    "kind": "barrier",
    "lane": 1,
    "travel": 0.9375,
    "width": 2,
  },
  {
    "beat": 13.5,
    "hit": 5.0625,
    "id": 11,
    "kind": "dark",
    "lane": 2,
    "travel": 0.9375,
    "width": 3,
  },
  {
    "beat": 14.25,
    "hit": 5.34375,
    "id": 12,
    "kind": "dark",
    "lane": 0,
    "travel": 0.9375,
    "width": 2,
  },
  {
    "beat": 20,
    "hit": 7.5,
    "id": 13,
    "kind": "resonant",
    "lane": 2,
    "travel": 0.9375,
    "width": 1,
  },
  {
    "beat": 20,
    "hit": 7.5,
    "id": 14,
    "kind": "barrier",
    "lane": 4,
    "travel": 0.9375,
    "width": 1,
  },
  {
    "beat": 21,
    "hit": 7.875,
    "id": 15,
    "kind": "resonant",
    "lane": 2,
    "travel": 0.9375,
    "width": 1,
  },
  {
    "beat": 21,
    "hit": 7.875,
    "id": 16,
    "kind": "barrier",
    "lane": 0,
    "travel": 0.9375,
    "width": 1,
  },
  {
    "beat": 23.5,
    "hit": 8.8125,
    "id": 17,
    "kind": "dark",
    "lane": 4,
    "travel": 0.9375,
    "width": 1,
  },
  {
    "beat": 24,
    "hit": 9,
    "id": 18,
    "kind": "dark",
    "lane": 3,
    "travel": 0.9375,
    "width": 1,
  },
  {
    "beat": 24.5,
    "hit": 9.1875,
    "id": 19,
    "kind": "dark",
    "lane": 3,
    "travel": 0.9375,
    "width": 1,
  },
  {
    "beat": 25,
    "hit": 9.375,
    "id": 20,
    "kind": "dark",
    "lane": 2,
    "travel": 0.9375,
    "width": 1,
  },
  {
    "beat": 25.5,
    "hit": 9.5625,
    "id": 21,
    "kind": "dark",
    "lane": 2,
    "travel": 0.9375,
    "width": 1,
  },
  {
    "beat": 26,
    "hit": 9.75,
    "id": 22,
    "kind": "dark",
    "lane": 2,
    "travel": 0.9375,
    "width": 1,
  },
  {
    "beat": 27.5,
    "hit": 10.3125,
    "id": 23,
    "kind": "barrier",
    "lane": 2,
    "travel": 0.9375,
    "width": 2,
  },
  {
    "beat": 29.5,
    "hit": 11.0625,
    "id": 24,
    "kind": "dark",
    "lane": 0,
    "travel": 0.9375,
    "width": 3,
  },
  {
    "beat": 30.25,
    "hit": 11.34375,
    "id": 25,
    "kind": "dark",
    "lane": 3,
    "travel": 0.9375,
    "width": 2,
  },
  {
    "beat": 36,
    "hit": 13.5,
    "id": 26,
    "kind": "resonant",
    "lane": 2,
    "travel": 0.9375,
    "width": 1,
  },
  {
    "beat": 36,
    "hit": 13.5,
    "id": 27,
    "kind": "barrier",
    "lane": 0,
    "travel": 0.9375,
    "width": 1,
  },
  {
    "beat": 37,
    "hit": 13.875,
    "id": 28,
    "kind": "resonant",
    "lane": 2,
    "travel": 0.9375,
    "width": 1,
  },
  {
    "beat": 37,
    "hit": 13.875,
    "id": 29,
    "kind": "barrier",
    "lane": 4,
    "travel": 0.9375,
    "width": 1,
  },
  {
    "beat": 39.5,
    "hit": 14.8125,
    "id": 30,
    "kind": "dark",
    "lane": 0,
    "travel": 0.9375,
    "width": 1,
  },
  {
    "beat": 40,
    "hit": 15,
    "id": 31,
    "kind": "dark",
    "lane": 1,
    "travel": 0.9375,
    "width": 1,
  },
  {
    "beat": 40.5,
    "hit": 15.1875,
    "id": 32,
    "kind": "dark",
    "lane": 1,
    "travel": 0.9375,
    "width": 1,
  },
  {
    "beat": 41,
    "hit": 15.375,
    "id": 33,
    "kind": "dark",
    "lane": 2,
    "travel": 0.9375,
    "width": 1,
  },
  {
    "beat": 41.5,
    "hit": 15.5625,
    "id": 34,
    "kind": "dark",
    "lane": 2,
    "travel": 0.9375,
    "width": 1,
  },
  {
    "beat": 42,
    "hit": 15.75,
    "id": 35,
    "kind": "dark",
    "lane": 2,
    "travel": 0.9375,
    "width": 1,
  },
  {
    "beat": 43.5,
    "hit": 16.3125,
    "id": 36,
    "kind": "barrier",
    "lane": 1,
    "travel": 0.9375,
    "width": 2,
  },
  {
    "beat": 45.5,
    "hit": 17.0625,
    "id": 37,
    "kind": "dark",
    "lane": 2,
    "travel": 0.9375,
    "width": 3,
  },
  {
    "beat": 46.25,
    "hit": 17.34375,
    "id": 38,
    "kind": "dark",
    "lane": 0,
    "travel": 0.9375,
    "width": 2,
  },
  {
    "beat": 47,
    "hit": 17.625,
    "id": 39,
    "kind": "dark",
    "lane": 4,
    "travel": 0.65625,
    "width": 1,
  },
  {
    "beat": 52,
    "hit": 19.5,
    "id": 40,
    "kind": "resonant",
    "lane": 2,
    "travel": 0.9375,
    "width": 1,
  },
  {
    "beat": 52,
    "hit": 19.5,
    "id": 41,
    "kind": "barrier",
    "lane": 4,
    "travel": 0.9375,
    "width": 1,
  },
  {
    "beat": 53,
    "hit": 19.875,
    "id": 42,
    "kind": "resonant",
    "lane": 2,
    "travel": 0.9375,
    "width": 1,
  },
  {
    "beat": 53,
    "hit": 19.875,
    "id": 43,
    "kind": "barrier",
    "lane": 0,
    "travel": 0.9375,
    "width": 1,
  },
  {
    "beat": 55.5,
    "hit": 20.8125,
    "id": 44,
    "kind": "dark",
    "lane": 4,
    "travel": 0.9375,
    "width": 1,
  },
  {
    "beat": 56,
    "hit": 21,
    "id": 45,
    "kind": "dark",
    "lane": 3,
    "travel": 0.9375,
    "width": 1,
  },
  {
    "beat": 56.25,
    "hit": 21.09375,
    "id": 46,
    "kind": "dark",
    "lane": 3,
    "travel": 0.9375,
    "width": 1,
  },
  {
    "beat": 57,
    "hit": 21.375,
    "id": 47,
    "kind": "dark",
    "lane": 2,
    "travel": 0.9375,
    "width": 1,
  },
  {
    "beat": 57.25,
    "hit": 21.46875,
    "id": 48,
    "kind": "dark",
    "lane": 2,
    "travel": 0.9375,
    "width": 1,
  },
  {
    "beat": 57.5,
    "hit": 21.5625,
    "id": 49,
    "kind": "dark",
    "lane": 2,
    "travel": 0.9375,
    "width": 1,
  },
  {
    "beat": 59.5,
    "hit": 22.3125,
    "id": 50,
    "kind": "barrier",
    "lane": 2,
    "travel": 0.9375,
    "width": 2,
  },
  {
    "beat": 61.5,
    "hit": 23.0625,
    "id": 51,
    "kind": "dark",
    "lane": 0,
    "travel": 0.9375,
    "width": 3,
  },
  {
    "beat": 62.25,
    "hit": 23.34375,
    "id": 52,
    "kind": "dark",
    "lane": 3,
    "travel": 0.9375,
    "width": 2,
  },
  {
    "beat": 63,
    "hit": 23.625,
    "id": 53,
    "kind": "dark",
    "lane": 0,
    "travel": 0.65625,
    "width": 1,
  },
  {
    "beat": 68,
    "hit": 25.5,
    "id": 54,
    "kind": "resonant",
    "lane": 2,
    "travel": 0.9375,
    "width": 1,
  },
  {
    "beat": 68,
    "hit": 25.5,
    "id": 55,
    "kind": "barrier",
    "lane": 0,
    "travel": 0.9375,
    "width": 1,
  },
  {
    "beat": 69,
    "hit": 25.875,
    "id": 56,
    "kind": "resonant",
    "lane": 2,
    "travel": 0.9375,
    "width": 1,
  },
  {
    "beat": 69,
    "hit": 25.875,
    "id": 57,
    "kind": "barrier",
    "lane": 4,
    "travel": 0.9375,
    "width": 1,
  },
  {
    "beat": 71.5,
    "hit": 26.8125,
    "id": 58,
    "kind": "dark",
    "lane": 0,
    "travel": 0.9375,
    "width": 1,
  },
  {
    "beat": 72,
    "hit": 27,
    "id": 59,
    "kind": "dark",
    "lane": 1,
    "travel": 0.9375,
    "width": 1,
  },
  {
    "beat": 72.25,
    "hit": 27.09375,
    "id": 60,
    "kind": "dark",
    "lane": 1,
    "travel": 0.9375,
    "width": 1,
  },
  {
    "beat": 73,
    "hit": 27.375,
    "id": 61,
    "kind": "dark",
    "lane": 2,
    "travel": 0.9375,
    "width": 1,
  },
  {
    "beat": 73.25,
    "hit": 27.46875,
    "id": 62,
    "kind": "dark",
    "lane": 2,
    "travel": 0.9375,
    "width": 1,
  },
  {
    "beat": 73.5,
    "hit": 27.5625,
    "id": 63,
    "kind": "dark",
    "lane": 2,
    "travel": 0.9375,
    "width": 1,
  },
  {
    "beat": 75.5,
    "hit": 28.3125,
    "id": 64,
    "kind": "barrier",
    "lane": 1,
    "travel": 0.9375,
    "width": 2,
  },
  {
    "beat": 77.5,
    "hit": 29.0625,
    "id": 65,
    "kind": "dark",
    "lane": 2,
    "travel": 0.75,
    "width": 3,
  },
  {
    "beat": 78.25,
    "hit": 29.34375,
    "id": 66,
    "kind": "dark",
    "lane": 0,
    "travel": 0.9375,
    "width": 2,
  },
  {
    "beat": 79,
    "hit": 29.625,
    "id": 67,
    "kind": "dark",
    "lane": 4,
    "travel": 0.65625,
    "width": 1,
  },
  {
    "beat": 84,
    "hit": 31.5,
    "id": 68,
    "kind": "resonant",
    "lane": 2,
    "travel": 0.9375,
    "width": 1,
  },
  {
    "beat": 84,
    "hit": 31.5,
    "id": 69,
    "kind": "barrier",
    "lane": 4,
    "travel": 0.9375,
    "width": 1,
  },
  {
    "beat": 85,
    "hit": 31.875,
    "id": 70,
    "kind": "resonant",
    "lane": 2,
    "travel": 0.9375,
    "width": 1,
  },
  {
    "beat": 85,
    "hit": 31.875,
    "id": 71,
    "kind": "barrier",
    "lane": 0,
    "travel": 0.9375,
    "width": 1,
  },
  {
    "beat": 87.5,
    "hit": 32.8125,
    "id": 72,
    "kind": "dark",
    "lane": 4,
    "travel": 0.9375,
    "width": 1,
  },
  {
    "beat": 88,
    "hit": 33,
    "id": 73,
    "kind": "dark",
    "lane": 3,
    "travel": 0.9375,
    "width": 1,
  },
  {
    "beat": 88.25,
    "hit": 33.09375,
    "id": 74,
    "kind": "dark",
    "lane": 3,
    "travel": 0.9375,
    "width": 1,
  },
  {
    "beat": 89,
    "hit": 33.375,
    "id": 75,
    "kind": "dark",
    "lane": 2,
    "travel": 0.9375,
    "width": 1,
  },
  {
    "beat": 89.25,
    "hit": 33.46875,
    "id": 76,
    "kind": "dark",
    "lane": 2,
    "travel": 0.9375,
    "width": 1,
  },
  {
    "beat": 89.5,
    "hit": 33.5625,
    "id": 77,
    "kind": "dark",
    "lane": 2,
    "travel": 0.9375,
    "width": 1,
  },
  {
    "beat": 91.5,
    "hit": 34.3125,
    "id": 78,
    "kind": "barrier",
    "lane": 2,
    "travel": 0.9375,
    "width": 2,
  },
  {
    "beat": 93.5,
    "hit": 35.0625,
    "id": 79,
    "kind": "dark",
    "lane": 0,
    "travel": 0.75,
    "width": 3,
  },
  {
    "beat": 94.25,
    "hit": 35.34375,
    "id": 80,
    "kind": "dark",
    "lane": 3,
    "travel": 0.9375,
    "width": 2,
  },
  {
    "beat": 95,
    "hit": 35.625,
    "id": 81,
    "kind": "dark",
    "lane": 0,
    "travel": 0.65625,
    "width": 1,
  },
  {
    "beat": 100,
    "hit": 37.5,
    "id": 82,
    "kind": "resonant",
    "lane": 2,
    "travel": 0.9375,
    "width": 1,
  },
  {
    "beat": 100,
    "hit": 37.5,
    "id": 83,
    "kind": "barrier",
    "lane": 0,
    "travel": 0.9375,
    "width": 1,
  },
  {
    "beat": 101,
    "hit": 37.875,
    "id": 84,
    "kind": "resonant",
    "lane": 2,
    "travel": 0.9375,
    "width": 1,
  },
  {
    "beat": 101,
    "hit": 37.875,
    "id": 85,
    "kind": "barrier",
    "lane": 4,
    "travel": 0.9375,
    "width": 1,
  },
  {
    "beat": 103.5,
    "hit": 38.8125,
    "id": 86,
    "kind": "dark",
    "lane": 0,
    "travel": 0.9375,
    "width": 1,
  },
  {
    "beat": 104,
    "hit": 39,
    "id": 87,
    "kind": "dark",
    "lane": 1,
    "travel": 0.9375,
    "width": 1,
  },
  {
    "beat": 104.25,
    "hit": 39.09375,
    "id": 88,
    "kind": "dark",
    "lane": 1,
    "travel": 0.9375,
    "width": 1,
  },
  {
    "beat": 105,
    "hit": 39.375,
    "id": 89,
    "kind": "dark",
    "lane": 2,
    "travel": 0.9375,
    "width": 1,
  },
  {
    "beat": 105.25,
    "hit": 39.46875,
    "id": 90,
    "kind": "dark",
    "lane": 2,
    "travel": 0.9375,
    "width": 1,
  },
  {
    "beat": 105.5,
    "hit": 39.5625,
    "id": 91,
    "kind": "dark",
    "lane": 2,
    "travel": 0.9375,
    "width": 1,
  },
  {
    "beat": 107.5,
    "hit": 40.3125,
    "id": 92,
    "kind": "barrier",
    "lane": 1,
    "travel": 0.9375,
    "width": 2,
  },
  {
    "beat": 109.5,
    "hit": 41.0625,
    "id": 93,
    "kind": "dark",
    "lane": 2,
    "travel": 0.75,
    "width": 3,
  },
  {
    "beat": 110.25,
    "hit": 41.34375,
    "id": 94,
    "kind": "dark",
    "lane": 0,
    "travel": 0.9375,
    "width": 2,
  },
  {
    "beat": 111,
    "hit": 41.625,
    "id": 95,
    "kind": "dark",
    "lane": 4,
    "travel": 0.65625,
    "width": 1,
  },
  {
    "beat": 113,
    "hit": 42.375,
    "id": 96,
    "kind": "barrier",
    "lane": 0,
    "travel": 0.9375,
    "width": 2,
  },
  {
    "beat": 113,
    "hit": 42.375,
    "id": 97,
    "kind": "barrier",
    "lane": 3,
    "travel": 0.9375,
    "width": 2,
  },
  {
    "beat": 114,
    "hit": 42.75,
    "id": 98,
    "kind": "resonant",
    "lane": 2,
    "travel": 0.9375,
    "width": 1,
  },
  {
    "beat": 115,
    "hit": 43.125,
    "id": 99,
    "kind": "resonant",
    "lane": 2,
    "travel": 0.9375,
    "width": 1,
  },
  {
    "beat": 117,
    "hit": 43.875,
    "id": 100,
    "kind": "dark",
    "lane": 0,
    "travel": 0.9375,
    "width": 3,
  },
  {
    "beat": 117.75,
    "hit": 44.15625,
    "id": 101,
    "kind": "dark",
    "lane": 3,
    "travel": 0.9375,
    "width": 2,
  },
  {
    "beat": 118.5,
    "hit": 44.4375,
    "id": 102,
    "kind": "dark",
    "lane": 1,
    "travel": 0.9375,
    "width": 3,
  },
]
`;
